// Jest Snapshot v1, https://goo.gl/fbAQLP

exports[`Chart must render correctly 1`] = `
<div
  id="wrapper-id"
/>
`;
