// Jest Snapshot v1, https://goo.gl/fbAQLP

exports[`NotFound renders correclty 1`] = `
<NotFound>
  <div>
    404!
  </div>
</NotFound>
`;
