// Jest Snapshot v1, https://goo.gl/fbAQLP

exports[`App renders App correctly 1`] = `
<div
  className="row login-row"
>
  <div
    className="image col-lg col-xl"
  />
  <div
    className="col-lg col-xl login-section"
  >
    <div
      className="logo"
    >
      <img
        alt="unicef vietnam"
        className="moh"
        src="vietnam-moh.png"
      />
      <img
        alt="unicef vietnam"
        className="unicef"
        src="uni-vietnam.png"
      />
    </div>
    <div
      className="center"
    >
      <h3>
        OpenSRP
      </h3>
      <p
        className="gatekeeper-p item"
        key="OpenSRP"
      >
        <a
          className="gatekeeper-btn"
          href="https://test-stage.smartregister.org/opensrp/oauth/authorize?client_id=hunter1&redirect_uri=http%3A%2F%2Flocalhost%3A3000%2Foauth%2Fcallback%2FOpenSRP%2F&response_type=token&state=opensrp&scope=read%20write"
        >
          OpenSRP
        </a>
      </p>
      <p
        className="gatekeeper-p item"
        key="Ona"
      >
        <a
          className="gatekeeper-btn"
          href="https://stage-api.ona.io/o/authorize/?client_id=hunter2&redirect_uri=http%3A%2F%2Flocalhost%3A3000%2Foauth%2Fcallback%2FOna%2F&response_type=token&state=onadata&scope=read%20write"
        >
          Ona
        </a>
      </p>
    </div>
  </div>
</div>
`;
