// Jest Snapshot v1, https://goo.gl/fbAQLP

exports[`components/pages/languageSwitcher works correctly 2`] = `undefined`;
