// Jest Snapshot v1, https://goo.gl/fbAQLP

exports[`containers/pages/Home renders Home correctly 1`] = `
<div
  className="home-main"
>
  <div
    className="welcome-text"
  >
    <h1>
      Welcome to the MIECD dashboard
    </h1>
  </div>
  <div
    className="center-vertically"
  >
    <div
      className="components-list"
    >
      <div
        className="spacer"
      >
        <img
          alt="pregnancy module avatar"
          id="pregnancyAvatar"
          src="pregnancy.jpeg"
        />
        <div
          className="sub-container-message"
        >
          <div
            id="cont-size"
          >
            <h1>
              Pregnancy
            </h1>
          </div>
          <div
            id="cont-size"
          >
            <h4>
              View the latest message updates about your patients.
            </h4>
          </div>
          <div
            id="cont-sized"
          >
            <Link
              to="/pregnancy"
            >
              <LinkAnchor
                href="/pregnancy"
                navigate={[Function]}
              >
                <a
                  href="/pregnancy"
                  onClick={[Function]}
                >
                  <button
                    className="button-style default"
                  >
                    View
                  </button>
                </a>
              </LinkAnchor>
            </Link>
          </div>
        </div>
      </div>
      <div
        className="spacer"
      >
        <img
          alt="NBC & PNC module avatar"
          id="nbcPncAvatar"
          src="pnc_nbc.jpeg"
        />
        <div
          className="sub-container-message"
        >
          <div
            id="cont-size"
          >
            <h1>
              NBC & PNC
            </h1>
          </div>
          <div
            id="cont-size"
          >
            <h4>
              View the latest message updates about your patients.
            </h4>
          </div>
          <div
            id="cont-sized"
          >
            <Link
              to="/nbc_and_pnc"
            >
              <LinkAnchor
                href="/nbc_and_pnc"
                navigate={[Function]}
              >
                <a
                  href="/nbc_and_pnc"
                  onClick={[Function]}
                >
                  <button
                    className="button-style default"
                  >
                    View
                  </button>
                </a>
              </LinkAnchor>
            </Link>
          </div>
        </div>
      </div>
      <div
        className="spacer"
      >
        <img
          alt="nutrition module avatar"
          id="nutritionAvatar"
          src="nutrition.jpeg"
        />
        <div
          className="sub-container-message"
        >
          <div
            id="cont-size"
          >
            <h1>
              Nutrition
            </h1>
          </div>
          <div
            id="cont-size"
          >
            <h4>
              View the latest message updates about your patients.
            </h4>
          </div>
          <div
            id="cont-sized"
          >
            <Link
              to="/nutrition"
            >
              <LinkAnchor
                href="/nutrition"
                navigate={[Function]}
              >
                <a
                  href="/nutrition"
                  onClick={[Function]}
                >
                  <button
                    className="button-style default"
                  >
                    View
                  </button>
                </a>
              </LinkAnchor>
            </Link>
          </div>
        </div>
      </div>
    </div>
  </div>
</div>
`;
